exports[`test Test that Loader is still the same 1`] = `
<div
  id="loader">
  <div
    className="loader-content">
    <h4>
      test load
    </h4>
    <div
      className="nob pulse" />
  </div>
</div>
`;
